------------------------------------------------------------
TimeQuest Timing Analyzer Summary
------------------------------------------------------------

Type  : Slow Model Setup 'SLOW_CLOCK:inst19|inst45'
Slack : -28.786
TNS   : -4413.122

Type  : Slow Model Setup 'CLOCK'
Slack : -26.865
TNS   : -3852.190

Type  : Slow Model Setup 'SLOW_CLOCK:inst19|inst49'
Slack : 0.379
TNS   : 0.000

Type  : Slow Model Setup 'SLOW_CLOCK:inst19|inst31'
Slack : 0.950
TNS   : 0.000

Type  : Slow Model Setup 'SLOW_CLOCK:inst19|inst41'
Slack : 0.950
TNS   : 0.000

Type  : Slow Model Setup 'SLOW_CLOCK:inst19|inst'
Slack : 0.951
TNS   : 0.000

Type  : Slow Model Setup 'SLOW_CLOCK:inst19|inst13'
Slack : 0.951
TNS   : 0.000

Type  : Slow Model Setup 'SLOW_CLOCK:inst19|inst17'
Slack : 0.951
TNS   : 0.000

Type  : Slow Model Setup 'SLOW_CLOCK:inst19|inst23'
Slack : 0.951
TNS   : 0.000

Type  : Slow Model Setup 'SLOW_CLOCK:inst19|inst27'
Slack : 0.951
TNS   : 0.000

Type  : Slow Model Setup 'SLOW_CLOCK:inst19|inst37'
Slack : 0.951
TNS   : 0.000

Type  : Slow Model Setup 'SLOW_CLOCK:inst19|inst47'
Slack : 0.951
TNS   : 0.000

Type  : Slow Model Setup 'SLOW_CLOCK:inst19|inst5'
Slack : 0.951
TNS   : 0.000

Type  : Slow Model Setup 'SLOW_CLOCK:inst19|inst9'
Slack : 0.951
TNS   : 0.000

Type  : Slow Model Setup 'SLOW_CLOCK:inst19|inst29'
Slack : 1.088
TNS   : 0.000

Type  : Slow Model Setup 'SLOW_CLOCK:inst19|inst3'
Slack : 1.088
TNS   : 0.000

Type  : Slow Model Setup 'SLOW_CLOCK:inst19|inst21'
Slack : 1.094
TNS   : 0.000

Type  : Slow Model Setup 'SLOW_CLOCK:inst19|inst35'
Slack : 1.094
TNS   : 0.000

Type  : Slow Model Setup 'SLOW_CLOCK:inst19|inst11'
Slack : 1.124
TNS   : 0.000

Type  : Slow Model Setup 'SLOW_CLOCK:inst19|inst15'
Slack : 1.124
TNS   : 0.000

Type  : Slow Model Setup 'SLOW_CLOCK:inst19|inst39'
Slack : 1.124
TNS   : 0.000

Type  : Slow Model Setup 'SLOW_CLOCK:inst19|inst43'
Slack : 1.160
TNS   : 0.000

Type  : Slow Model Setup 'SLOW_CLOCK:inst19|inst34'
Slack : 1.370
TNS   : 0.000

Type  : Slow Model Setup 'SLOW_CLOCK:inst19|inst25'
Slack : 1.408
TNS   : 0.000

Type  : Slow Model Setup 'SLOW_CLOCK:inst19|inst19'
Slack : 1.423
TNS   : 0.000

Type  : Slow Model Setup 'SLOW_CLOCK:inst19|inst7'
Slack : 1.579
TNS   : 0.000

Type  : Slow Model Hold 'CLOCK'
Slack : -2.008
TNS   : -30.115

Type  : Slow Model Hold 'SLOW_CLOCK:inst19|inst7'
Slack : -1.309
TNS   : -1.309

Type  : Slow Model Hold 'SLOW_CLOCK:inst19|inst19'
Slack : -1.153
TNS   : -1.153

Type  : Slow Model Hold 'SLOW_CLOCK:inst19|inst25'
Slack : -1.138
TNS   : -1.138

Type  : Slow Model Hold 'SLOW_CLOCK:inst19|inst34'
Slack : -1.100
TNS   : -1.100

Type  : Slow Model Hold 'SLOW_CLOCK:inst19|inst43'
Slack : -0.890
TNS   : -0.890

Type  : Slow Model Hold 'SLOW_CLOCK:inst19|inst11'
Slack : -0.854
TNS   : -0.854

Type  : Slow Model Hold 'SLOW_CLOCK:inst19|inst15'
Slack : -0.854
TNS   : -0.854

Type  : Slow Model Hold 'SLOW_CLOCK:inst19|inst39'
Slack : -0.854
TNS   : -0.854

Type  : Slow Model Hold 'SLOW_CLOCK:inst19|inst45'
Slack : -0.848
TNS   : -0.848

Type  : Slow Model Hold 'SLOW_CLOCK:inst19|inst21'
Slack : -0.824
TNS   : -0.824

Type  : Slow Model Hold 'SLOW_CLOCK:inst19|inst35'
Slack : -0.824
TNS   : -0.824

Type  : Slow Model Hold 'SLOW_CLOCK:inst19|inst29'
Slack : -0.818
TNS   : -0.818

Type  : Slow Model Hold 'SLOW_CLOCK:inst19|inst3'
Slack : -0.818
TNS   : -0.818

Type  : Slow Model Hold 'SLOW_CLOCK:inst19|inst'
Slack : -0.681
TNS   : -0.681

Type  : Slow Model Hold 'SLOW_CLOCK:inst19|inst13'
Slack : -0.681
TNS   : -0.681

Type  : Slow Model Hold 'SLOW_CLOCK:inst19|inst17'
Slack : -0.681
TNS   : -0.681

Type  : Slow Model Hold 'SLOW_CLOCK:inst19|inst23'
Slack : -0.681
TNS   : -0.681

Type  : Slow Model Hold 'SLOW_CLOCK:inst19|inst27'
Slack : -0.681
TNS   : -0.681

Type  : Slow Model Hold 'SLOW_CLOCK:inst19|inst37'
Slack : -0.681
TNS   : -0.681

Type  : Slow Model Hold 'SLOW_CLOCK:inst19|inst47'
Slack : -0.681
TNS   : -0.681

Type  : Slow Model Hold 'SLOW_CLOCK:inst19|inst5'
Slack : -0.681
TNS   : -0.681

Type  : Slow Model Hold 'SLOW_CLOCK:inst19|inst9'
Slack : -0.681
TNS   : -0.681

Type  : Slow Model Hold 'SLOW_CLOCK:inst19|inst31'
Slack : -0.680
TNS   : -0.680

Type  : Slow Model Hold 'SLOW_CLOCK:inst19|inst41'
Slack : -0.680
TNS   : -0.680

Type  : Slow Model Hold 'SLOW_CLOCK:inst19|inst49'
Slack : 0.391
TNS   : 0.000

Type  : Slow Model Minimum Pulse Width 'CLOCK'
Slack : -1.380
TNS   : -295.380

Type  : Slow Model Minimum Pulse Width 'SLOW_CLOCK:inst19|inst45'
Slack : -0.500
TNS   : -294.000

Type  : Slow Model Minimum Pulse Width 'SLOW_CLOCK:inst19|inst'
Slack : -0.500
TNS   : -1.000

Type  : Slow Model Minimum Pulse Width 'SLOW_CLOCK:inst19|inst11'
Slack : -0.500
TNS   : -1.000

Type  : Slow Model Minimum Pulse Width 'SLOW_CLOCK:inst19|inst13'
Slack : -0.500
TNS   : -1.000

Type  : Slow Model Minimum Pulse Width 'SLOW_CLOCK:inst19|inst15'
Slack : -0.500
TNS   : -1.000

Type  : Slow Model Minimum Pulse Width 'SLOW_CLOCK:inst19|inst17'
Slack : -0.500
TNS   : -1.000

Type  : Slow Model Minimum Pulse Width 'SLOW_CLOCK:inst19|inst19'
Slack : -0.500
TNS   : -1.000

Type  : Slow Model Minimum Pulse Width 'SLOW_CLOCK:inst19|inst21'
Slack : -0.500
TNS   : -1.000

Type  : Slow Model Minimum Pulse Width 'SLOW_CLOCK:inst19|inst23'
Slack : -0.500
TNS   : -1.000

Type  : Slow Model Minimum Pulse Width 'SLOW_CLOCK:inst19|inst25'
Slack : -0.500
TNS   : -1.000

Type  : Slow Model Minimum Pulse Width 'SLOW_CLOCK:inst19|inst27'
Slack : -0.500
TNS   : -1.000

Type  : Slow Model Minimum Pulse Width 'SLOW_CLOCK:inst19|inst29'
Slack : -0.500
TNS   : -1.000

Type  : Slow Model Minimum Pulse Width 'SLOW_CLOCK:inst19|inst3'
Slack : -0.500
TNS   : -1.000

Type  : Slow Model Minimum Pulse Width 'SLOW_CLOCK:inst19|inst31'
Slack : -0.500
TNS   : -1.000

Type  : Slow Model Minimum Pulse Width 'SLOW_CLOCK:inst19|inst34'
Slack : -0.500
TNS   : -1.000

Type  : Slow Model Minimum Pulse Width 'SLOW_CLOCK:inst19|inst35'
Slack : -0.500
TNS   : -1.000

Type  : Slow Model Minimum Pulse Width 'SLOW_CLOCK:inst19|inst37'
Slack : -0.500
TNS   : -1.000

Type  : Slow Model Minimum Pulse Width 'SLOW_CLOCK:inst19|inst39'
Slack : -0.500
TNS   : -1.000

Type  : Slow Model Minimum Pulse Width 'SLOW_CLOCK:inst19|inst41'
Slack : -0.500
TNS   : -1.000

Type  : Slow Model Minimum Pulse Width 'SLOW_CLOCK:inst19|inst43'
Slack : -0.500
TNS   : -1.000

Type  : Slow Model Minimum Pulse Width 'SLOW_CLOCK:inst19|inst47'
Slack : -0.500
TNS   : -1.000

Type  : Slow Model Minimum Pulse Width 'SLOW_CLOCK:inst19|inst49'
Slack : -0.500
TNS   : -1.000

Type  : Slow Model Minimum Pulse Width 'SLOW_CLOCK:inst19|inst5'
Slack : -0.500
TNS   : -1.000

Type  : Slow Model Minimum Pulse Width 'SLOW_CLOCK:inst19|inst7'
Slack : -0.500
TNS   : -1.000

Type  : Slow Model Minimum Pulse Width 'SLOW_CLOCK:inst19|inst9'
Slack : -0.500
TNS   : -1.000

Type  : Fast Model Setup 'SLOW_CLOCK:inst19|inst45'
Slack : -12.048
TNS   : -1839.337

Type  : Fast Model Setup 'CLOCK'
Slack : -11.084
TNS   : -1557.849

Type  : Fast Model Setup 'SLOW_CLOCK:inst19|inst49'
Slack : 0.665
TNS   : 0.000

Type  : Fast Model Setup 'SLOW_CLOCK:inst19|inst'
Slack : 0.774
TNS   : 0.000

Type  : Fast Model Setup 'SLOW_CLOCK:inst19|inst13'
Slack : 0.774
TNS   : 0.000

Type  : Fast Model Setup 'SLOW_CLOCK:inst19|inst17'
Slack : 0.774
TNS   : 0.000

Type  : Fast Model Setup 'SLOW_CLOCK:inst19|inst23'
Slack : 0.774
TNS   : 0.000

Type  : Fast Model Setup 'SLOW_CLOCK:inst19|inst27'
Slack : 0.774
TNS   : 0.000

Type  : Fast Model Setup 'SLOW_CLOCK:inst19|inst31'
Slack : 0.774
TNS   : 0.000

Type  : Fast Model Setup 'SLOW_CLOCK:inst19|inst37'
Slack : 0.774
TNS   : 0.000

Type  : Fast Model Setup 'SLOW_CLOCK:inst19|inst41'
Slack : 0.774
TNS   : 0.000

Type  : Fast Model Setup 'SLOW_CLOCK:inst19|inst47'
Slack : 0.774
TNS   : 0.000

Type  : Fast Model Setup 'SLOW_CLOCK:inst19|inst5'
Slack : 0.774
TNS   : 0.000

Type  : Fast Model Setup 'SLOW_CLOCK:inst19|inst9'
Slack : 0.774
TNS   : 0.000

Type  : Fast Model Setup 'SLOW_CLOCK:inst19|inst29'
Slack : 0.842
TNS   : 0.000

Type  : Fast Model Setup 'SLOW_CLOCK:inst19|inst3'
Slack : 0.842
TNS   : 0.000

Type  : Fast Model Setup 'SLOW_CLOCK:inst19|inst21'
Slack : 0.845
TNS   : 0.000

Type  : Fast Model Setup 'SLOW_CLOCK:inst19|inst35'
Slack : 0.845
TNS   : 0.000

Type  : Fast Model Setup 'SLOW_CLOCK:inst19|inst11'
Slack : 0.859
TNS   : 0.000

Type  : Fast Model Setup 'SLOW_CLOCK:inst19|inst15'
Slack : 0.859
TNS   : 0.000

Type  : Fast Model Setup 'SLOW_CLOCK:inst19|inst39'
Slack : 0.859
TNS   : 0.000

Type  : Fast Model Setup 'SLOW_CLOCK:inst19|inst43'
Slack : 0.871
TNS   : 0.000

Type  : Fast Model Setup 'SLOW_CLOCK:inst19|inst34'
Slack : 0.966
TNS   : 0.000

Type  : Fast Model Setup 'SLOW_CLOCK:inst19|inst25'
Slack : 0.974
TNS   : 0.000

Type  : Fast Model Setup 'SLOW_CLOCK:inst19|inst19'
Slack : 0.988
TNS   : 0.000

Type  : Fast Model Setup 'SLOW_CLOCK:inst19|inst7'
Slack : 1.084
TNS   : 0.000

Type  : Fast Model Hold 'CLOCK'
Slack : -1.095
TNS   : -14.973

Type  : Fast Model Hold 'SLOW_CLOCK:inst19|inst7'
Slack : -0.704
TNS   : -0.704

Type  : Fast Model Hold 'SLOW_CLOCK:inst19|inst19'
Slack : -0.608
TNS   : -0.608

Type  : Fast Model Hold 'SLOW_CLOCK:inst19|inst25'
Slack : -0.594
TNS   : -0.594

Type  : Fast Model Hold 'SLOW_CLOCK:inst19|inst34'
Slack : -0.586
TNS   : -0.586

Type  : Fast Model Hold 'SLOW_CLOCK:inst19|inst43'
Slack : -0.491
TNS   : -0.491

Type  : Fast Model Hold 'SLOW_CLOCK:inst19|inst11'
Slack : -0.479
TNS   : -0.479

Type  : Fast Model Hold 'SLOW_CLOCK:inst19|inst15'
Slack : -0.479
TNS   : -0.479

Type  : Fast Model Hold 'SLOW_CLOCK:inst19|inst39'
Slack : -0.479
TNS   : -0.479

Type  : Fast Model Hold 'SLOW_CLOCK:inst19|inst45'
Slack : -0.476
TNS   : -0.476

Type  : Fast Model Hold 'SLOW_CLOCK:inst19|inst21'
Slack : -0.465
TNS   : -0.465

Type  : Fast Model Hold 'SLOW_CLOCK:inst19|inst35'
Slack : -0.465
TNS   : -0.465

Type  : Fast Model Hold 'SLOW_CLOCK:inst19|inst29'
Slack : -0.462
TNS   : -0.462

Type  : Fast Model Hold 'SLOW_CLOCK:inst19|inst3'
Slack : -0.462
TNS   : -0.462

Type  : Fast Model Hold 'SLOW_CLOCK:inst19|inst'
Slack : -0.394
TNS   : -0.394

Type  : Fast Model Hold 'SLOW_CLOCK:inst19|inst13'
Slack : -0.394
TNS   : -0.394

Type  : Fast Model Hold 'SLOW_CLOCK:inst19|inst17'
Slack : -0.394
TNS   : -0.394

Type  : Fast Model Hold 'SLOW_CLOCK:inst19|inst23'
Slack : -0.394
TNS   : -0.394

Type  : Fast Model Hold 'SLOW_CLOCK:inst19|inst27'
Slack : -0.394
TNS   : -0.394

Type  : Fast Model Hold 'SLOW_CLOCK:inst19|inst31'
Slack : -0.394
TNS   : -0.394

Type  : Fast Model Hold 'SLOW_CLOCK:inst19|inst37'
Slack : -0.394
TNS   : -0.394

Type  : Fast Model Hold 'SLOW_CLOCK:inst19|inst41'
Slack : -0.394
TNS   : -0.394

Type  : Fast Model Hold 'SLOW_CLOCK:inst19|inst47'
Slack : -0.394
TNS   : -0.394

Type  : Fast Model Hold 'SLOW_CLOCK:inst19|inst5'
Slack : -0.394
TNS   : -0.394

Type  : Fast Model Hold 'SLOW_CLOCK:inst19|inst9'
Slack : -0.394
TNS   : -0.394

Type  : Fast Model Hold 'SLOW_CLOCK:inst19|inst49'
Slack : 0.215
TNS   : 0.000

Type  : Fast Model Minimum Pulse Width 'CLOCK'
Slack : -1.380
TNS   : -295.380

Type  : Fast Model Minimum Pulse Width 'SLOW_CLOCK:inst19|inst45'
Slack : -0.500
TNS   : -294.000

Type  : Fast Model Minimum Pulse Width 'SLOW_CLOCK:inst19|inst'
Slack : -0.500
TNS   : -1.000

Type  : Fast Model Minimum Pulse Width 'SLOW_CLOCK:inst19|inst11'
Slack : -0.500
TNS   : -1.000

Type  : Fast Model Minimum Pulse Width 'SLOW_CLOCK:inst19|inst13'
Slack : -0.500
TNS   : -1.000

Type  : Fast Model Minimum Pulse Width 'SLOW_CLOCK:inst19|inst15'
Slack : -0.500
TNS   : -1.000

Type  : Fast Model Minimum Pulse Width 'SLOW_CLOCK:inst19|inst17'
Slack : -0.500
TNS   : -1.000

Type  : Fast Model Minimum Pulse Width 'SLOW_CLOCK:inst19|inst19'
Slack : -0.500
TNS   : -1.000

Type  : Fast Model Minimum Pulse Width 'SLOW_CLOCK:inst19|inst21'
Slack : -0.500
TNS   : -1.000

Type  : Fast Model Minimum Pulse Width 'SLOW_CLOCK:inst19|inst23'
Slack : -0.500
TNS   : -1.000

Type  : Fast Model Minimum Pulse Width 'SLOW_CLOCK:inst19|inst25'
Slack : -0.500
TNS   : -1.000

Type  : Fast Model Minimum Pulse Width 'SLOW_CLOCK:inst19|inst27'
Slack : -0.500
TNS   : -1.000

Type  : Fast Model Minimum Pulse Width 'SLOW_CLOCK:inst19|inst29'
Slack : -0.500
TNS   : -1.000

Type  : Fast Model Minimum Pulse Width 'SLOW_CLOCK:inst19|inst3'
Slack : -0.500
TNS   : -1.000

Type  : Fast Model Minimum Pulse Width 'SLOW_CLOCK:inst19|inst31'
Slack : -0.500
TNS   : -1.000

Type  : Fast Model Minimum Pulse Width 'SLOW_CLOCK:inst19|inst34'
Slack : -0.500
TNS   : -1.000

Type  : Fast Model Minimum Pulse Width 'SLOW_CLOCK:inst19|inst35'
Slack : -0.500
TNS   : -1.000

Type  : Fast Model Minimum Pulse Width 'SLOW_CLOCK:inst19|inst37'
Slack : -0.500
TNS   : -1.000

Type  : Fast Model Minimum Pulse Width 'SLOW_CLOCK:inst19|inst39'
Slack : -0.500
TNS   : -1.000

Type  : Fast Model Minimum Pulse Width 'SLOW_CLOCK:inst19|inst41'
Slack : -0.500
TNS   : -1.000

Type  : Fast Model Minimum Pulse Width 'SLOW_CLOCK:inst19|inst43'
Slack : -0.500
TNS   : -1.000

Type  : Fast Model Minimum Pulse Width 'SLOW_CLOCK:inst19|inst47'
Slack : -0.500
TNS   : -1.000

Type  : Fast Model Minimum Pulse Width 'SLOW_CLOCK:inst19|inst49'
Slack : -0.500
TNS   : -1.000

Type  : Fast Model Minimum Pulse Width 'SLOW_CLOCK:inst19|inst5'
Slack : -0.500
TNS   : -1.000

Type  : Fast Model Minimum Pulse Width 'SLOW_CLOCK:inst19|inst7'
Slack : -0.500
TNS   : -1.000

Type  : Fast Model Minimum Pulse Width 'SLOW_CLOCK:inst19|inst9'
Slack : -0.500
TNS   : -1.000

------------------------------------------------------------
